task-9 verify: building and testing backend
    Blocking waiting for file lock on package cache
    Blocking waiting for file lock on package cache
    Blocking waiting for file lock on package cache
    Finished `dev` profile [unoptimized + debuginfo] target(s) in 0.10s
    Finished `test` profile [unoptimized + debuginfo] target(s) in 0.07s
     Running unittests src/lib.rs (target/debug/deps/test_chat_backend-acfff881fbeff8b8)

running 0 tests

test result: ok. 0 passed; 0 failed; 0 ignored; 0 measured; 0 filtered out; finished in 0.00s

     Running unittests src/main.rs (target/debug/deps/test_chat_backend-9d5476f2c3843da5)

running 0 tests

test result: ok. 0 passed; 0 failed; 0 ignored; 0 measured; 0 filtered out; finished in 0.00s

     Running tests/attachments.rs (target/debug/deps/attachments-14ccd7d85cb70557)

running 5 tests
test attachments_table_stores_no_plaintext_columns ... ok
test attachment_requires_bearer_token ... ok
test attachment_download_unknown_id_is_404 ... ok
test attachment_upload_then_download_round_trips_exact_bytes ... ok
test attachment_upload_rejects_oversize_payload_with_413 ... ok

test result: ok. 5 passed; 0 failed; 0 ignored; 0 measured; 0 filtered out; finished in 0.02s

     Running tests/auth.rs (target/debug/deps/auth-8604fa95047f6e2f)

running 8 tests
test auth_tables_store_no_private_material ... ok
test auth_challenge_rejects_unknown_user ... ok
test auth_malformed_json_returns_bad_request ... ok
test auth_session_rejects_unknown_token ... ok
test auth_challenge_returns_nonce_for_known_user ... ok
test auth_verify_with_bad_signature_is_rejected ... ok
test auth_verify_rejects_unknown_or_reused_challenge ... ok
test auth_verify_with_valid_signature_issues_session_token ... ok

test result: ok. 8 passed; 0 failed; 0 ignored; 0 measured; 0 filtered out; finished in 0.02s

     Running tests/conversations.rs (target/debug/deps/conversations-a7ed8ac73ee40eae)

running 7 tests
test conversations_requires_bearer_token ... ok
test conversations_include_inbound_only_peer_started_while_viewer_was_offline ... ok
test conversations_return_ciphertext_and_metadata_without_plaintext ... ok
test conversations_empty_for_user_with_no_messages ... ok
test conversations_scope_excludes_unrelated_pairs_and_names_the_peer ... ok
test conversations_lists_distinct_peers_ordered_by_recent_activity ... ok
test conversations_use_rowid_tiebreaks_instead_of_random_uuid_order ... ok

test result: ok. 7 passed; 0 failed; 0 ignored; 0 measured; 0 filtered out; finished in 0.02s

     Running tests/groups.rs (target/debug/deps/groups-dd51c3ddb97e60c4)

running 12 tests
test group_create_requires_bearer_token ... ok
test group_stream_requires_bearer_token ... ok
test group_tables_store_no_plaintext_columns ... ok
test group_list_returns_all_member_groups_in_rowid_order ... ok
test group_message_post_stores_exactly_the_ciphertext_blob ... ok
test group_message_history_returns_only_ciphertext_for_members ... ok
test group_message_history_returns_same_second_messages_in_send_order ... ok
test group_create_persists_name_membership_and_epoch_zero_keys ... ok
test group_stream_with_member_returns_sse_headers ... ok
test group_endpoints_reject_non_members_with_403 ... ok
test group_add_member_broadcasts_epoch_event_to_members ... ok
test group_add_member_bumps_epoch_and_blocks_prior_epoch_keys ... ok

test result: ok. 12 passed; 0 failed; 0 ignored; 0 measured; 0 filtered out; finished in 0.05s

     Running tests/messages.rs (target/debug/deps/messages-a293061aac4fd650)

running 14 tests
test messages_inbox_requires_bearer_token ... ok
test messages_post_requires_bearer_token ... ok
test messages_inbox_empty_for_caller_with_no_inbound_messages ... ok
test keys_publish_requires_valid_identity_signature ... ok
test messages_stream_requires_bearer_token ... ok
test messages_history_returns_same_second_messages_in_send_order ... ok
test messages_inbox_since_cursor_returns_only_later_rows_and_advances ... ok
test messages_inbox_delivers_same_second_messages_in_send_order ... ok
test keys_fetch_returns_published_prekey_for_username ... ok
test messages_inbox_is_scoped_to_recipient_inbound_messages_only ... ok
test messages_table_stores_no_plaintext_columns ... ok
test messages_post_stores_exactly_the_ciphertext_blob ... ok
test messages_history_returns_only_ciphertext_and_is_scoped_to_the_pair ... ok
test messages_stream_with_valid_token_returns_sse_headers ... ok

test result: ok. 14 passed; 0 failed; 0 ignored; 0 measured; 0 filtered out; finished in 0.04s

     Running tests/register.rs (target/debug/deps/register-6f9d859b8574001d)

running 3 tests
test register_stores_only_public_account_fields ... ok
test register_rejects_duplicate_username_without_second_row ... ok
test register_rejects_malformed_input ... ok

test result: ok. 3 passed; 0 failed; 0 ignored; 0 measured; 0 filtered out; finished in 0.01s

     Running tests/schema.rs (target/debug/deps/schema-b038f68994545c75)

running 2 tests
test migration_creates_users_table_with_only_public_account_columns ... ok
test schema_dump_prints_schema_sample_row_and_rejects_private_material ... ok

test result: ok. 2 passed; 0 failed; 0 ignored; 0 measured; 0 filtered out; finished in 0.02s

     Running tests/zk_relay_audit.rs (target/debug/deps/zk_relay_audit-bd3d74422e342891)

running 4 tests
test zk_relay_audit_fails_when_attachments_shape_drifts ... ok
test zk_relay_audit_fails_when_plaintext_column_exists ... ok
test zk_relay_audit_fails_when_private_key_column_exists ... ok
test zk_relay_audit_passes_for_ciphertext_only_schema ... ok

test result: ok. 4 passed; 0 failed; 0 ignored; 0 measured; 0 filtered out; finished in 0.38s

     Running tests/zk_sentinel.rs (target/debug/deps/zk_sentinel-1d21ce2d7220d674)

running 1 test
test zk_sentinel_roundtrip_stores_only_ciphertext_in_raw_db ... ok

test result: ok. 1 passed; 0 failed; 0 ignored; 0 measured; 0 filtered out; finished in 0.02s

   Doc-tests test_chat_backend

running 0 tests

test result: ok. 0 passed; 0 failed; 0 ignored; 0 measured; 0 filtered out; finished in 0.00s
task-9 verify: starting backend on http://127.0.0.1:51372
task-9 verify: backend health check returned 200
task-9 verify: building and testing Swift app with live conversations E2E
[0/1] Planning build
Building for debugging...
[0/3] Write swift-version--58304C5D6DBC2206.txt
Build complete! (0.12s)
[0/1] Planning build
Building for debugging...
[0/4] Write swift-version--58304C5D6DBC2206.txt
Build complete! (0.12s)
Test Suite 'Selected tests' started at 2026-06-05 21:33:07.984.
Test Suite 'ChatAppPackageTests.xctest' started at 2026-06-05 21:33:07.984.
Test Suite 'ConversationListModelTests' started at 2026-06-05 21:33:07.984.
Test Case '-[ChatAppTests.ConversationListModelTests testConversationListContainsAndEmptyUpsertRoundTrip]' started.
Test Case '-[ChatAppTests.ConversationListModelTests testConversationListContainsAndEmptyUpsertRoundTrip]' passed (0.000 seconds).
Test Case '-[ChatAppTests.ConversationListModelTests testPeerIdReturnsOtherPartyForInboundAndOutboundRecords]' started.
Test Case '-[ChatAppTests.ConversationListModelTests testPeerIdReturnsOtherPartyForInboundAndOutboundRecords]' passed (0.000 seconds).
Test Case '-[ChatAppTests.ConversationListModelTests testSortedOrdersMostRecentFirstAndTiesByUsername]' started.
Test Case '-[ChatAppTests.ConversationListModelTests testSortedOrdersMostRecentFirstAndTiesByUsername]' passed (0.000 seconds).
Test Case '-[ChatAppTests.ConversationListModelTests testUpsertInsertsBumpsToNewerActivityAndNeverRegresses]' started.
Test Case '-[ChatAppTests.ConversationListModelTests testUpsertInsertsBumpsToNewerActivityAndNeverRegresses]' passed (0.000 seconds).
Test Suite 'ConversationListModelTests' passed at 2026-06-05 21:33:07.985.
	 Executed 4 tests, with 0 failures (0 unexpected) in 0.001 (0.001) seconds
Test Suite 'ConversationListStoreTests' started at 2026-06-05 21:33:07.985.
Test Case '-[ChatAppTests.ConversationListStoreTests testHandleLiveRecordForKnownPeerBumpsAndDoesNotFetchAgain]' started.
Test Case '-[ChatAppTests.ConversationListStoreTests testHandleLiveRecordForKnownPeerBumpsAndDoesNotFetchAgain]' passed (0.019 seconds).
Test Case '-[ChatAppTests.ConversationListStoreTests testHandleLiveRecordForUnknownPeerRefreshesOnce]' started.
Test Case '-[ChatAppTests.ConversationListStoreTests testHandleLiveRecordForUnknownPeerRefreshesOnce]' passed (0.014 seconds).
Test Case '-[ChatAppTests.ConversationListStoreTests testHandleLiveRecordUpdatesLastActivityAtOnKnownPeer]' started.
Test Case '-[ChatAppTests.ConversationListStoreTests testHandleLiveRecordUpdatesLastActivityAtOnKnownPeer]' passed (0.012 seconds).
Test Case '-[ChatAppTests.ConversationListStoreTests testRefreshIncludesInboundOnlyPeerReturnedByBackend]' started.
Test Case '-[ChatAppTests.ConversationListStoreTests testRefreshIncludesInboundOnlyPeerReturnedByBackend]' passed (0.011 seconds).
Test Case '-[ChatAppTests.ConversationListStoreTests testRefreshMapsRecordsAndSortsMostRecentFirst]' started.
Test Case '-[ChatAppTests.ConversationListStoreTests testRefreshMapsRecordsAndSortsMostRecentFirst]' passed (0.010 seconds).
Test Case '-[ChatAppTests.ConversationListStoreTests testSelectedPeerUsernameRoundTrips]' started.
Test Case '-[ChatAppTests.ConversationListStoreTests testSelectedPeerUsernameRoundTrips]' passed (0.010 seconds).
Test Case '-[ChatAppTests.ConversationListStoreTests testSubscribeConsumesInjectedLiveStream]' started.
Test Case '-[ChatAppTests.ConversationListStoreTests testSubscribeConsumesInjectedLiveStream]' passed (0.068 seconds).
Test Suite 'ConversationListStoreTests' passed at 2026-06-05 21:33:08.130.
	 Executed 7 tests, with 0 failures (0 unexpected) in 0.144 (0.145) seconds
Test Suite 'HTTPConversationsServiceTests' started at 2026-06-05 21:33:08.130.
Test Case '-[ChatAppTests.HTTPConversationsServiceTests testConversationsDecodesBackendConversationRecordShape]' started.
Test Case '-[ChatAppTests.HTTPConversationsServiceTests testConversationsDecodesBackendConversationRecordShape]' passed (0.004 seconds).
Test Case '-[ChatAppTests.HTTPConversationsServiceTests testConversationsGetsBearerTokenAndDecodesResponse]' started.
Test Case '-[ChatAppTests.HTTPConversationsServiceTests testConversationsGetsBearerTokenAndDecodesResponse]' passed (0.000 seconds).
Test Case '-[ChatAppTests.HTTPConversationsServiceTests testConversationsGetsBearerTokenAndDecodesSummaries]' started.
Test Case '-[ChatAppTests.HTTPConversationsServiceTests testConversationsGetsBearerTokenAndDecodesSummaries]' passed (0.001 seconds).
Test Case '-[ChatAppTests.HTTPConversationsServiceTests testConversationsMapsNon200ToEmptyArray]' started.
Test Case '-[ChatAppTests.HTTPConversationsServiceTests testConversationsMapsNon200ToEmptyArray]' passed (0.000 seconds).
Test Suite 'HTTPConversationsServiceTests' passed at 2026-06-05 21:33:08.136.
	 Executed 4 tests, with 0 failures (0 unexpected) in 0.006 (0.006) seconds
Test Suite 'LiveConversationsE2ETests' started at 2026-06-05 21:33:08.136.
Test Case '-[ChatAppTests.LiveConversationsE2ETests testLiveConversationListOrderingAndHistory]' started.
Test Case '-[ChatAppTests.LiveConversationsE2ETests testLiveConversationListOrderingAndHistory]' passed (2.526 seconds).
Test Suite 'LiveConversationsE2ETests' passed at 2026-06-05 21:33:10.662.
	 Executed 1 test, with 0 failures (0 unexpected) in 2.526 (2.526) seconds
Test Suite 'ChatAppPackageTests.xctest' passed at 2026-06-05 21:33:10.662.
	 Executed 16 tests, with 0 failures (0 unexpected) in 2.676 (2.678) seconds
Test Suite 'Selected tests' passed at 2026-06-05 21:33:10.662.
	 Executed 16 tests, with 0 failures (0 unexpected) in 2.676 (2.678) seconds
􀟈  Test run started.
􀄵  Testing Library Version: 1902
􀄵  Target Platform: arm64e-apple-macos14.0
􁁛  Test run with 0 tests in 0 suites passed after 0.001 seconds.
task-9 verify: proving /conversations ordering
task-9 verify: proving per-conversation message history counts
task-9 verify: PASS
