task-7-r6-b2 aggregator decoupling attribution
Generated from commands run on current HEAD at: 2026-06-05T15:03:19Z

## command: grep -nE 'find|sort|exit 1' .agentloop/verify.sh
12:sorted_scripts=()
14:  sorted_scripts+=("$verify_script")
15:done < <(find "$TASKS_DIR" -mindepth 2 -maxdepth 2 -name verify.sh -type f | sort)
17:for verify_script in "${sorted_scripts[@]}"; do
23:    exit 1
27:if [[ "${#sorted_scripts[@]}" -eq 0 ]]; then

## command: git show 2672f49 -- .agentloop/state/tasks/task-8/verify.sh
commit 2672f49e4cd6ef16a2e29821610e12475a9c1891
Author: ngthluu <ngthluu211@gmail.com>
Date:   Fri Jun 5 20:43:59 2026 +0700

    Scope task-8 Swift live test

diff --git a/.agentloop/state/tasks/task-8/verify.sh b/.agentloop/state/tasks/task-8/verify.sh
index c633500..9363f68 100755
--- a/.agentloop/state/tasks/task-8/verify.sh
+++ b/.agentloop/state/tasks/task-8/verify.sh
@@ -215,7 +215,7 @@ echo "task-8 verify: building and testing Swift app with live offline E2E"
 swift_output="$(
   cd "${MAC_APP_DIR}"
   swift build 2>&1
-  swift test 2>&1
+  swift test --filter LiveOfflineDeliveryE2ETests 2>&1
 )" || {
   printf '%s\n' "${swift_output}"
   fail "swift build/test failed"

## command: git merge-base --is-ancestor 2672f49 HEAD && echo MERGED
MERGED

## command: sed -n '215,219p' .agentloop/state/tasks/task-8/verify.sh
swift_output="$(
  cd "${MAC_APP_DIR}"
  swift build 2>&1
  swift test --filter LiveOfflineDeliveryE2ETests 2>&1
)" || {

## command: jq -r .feedback /Users/ngthluu/choscor/test-chat-app/.agentloop/state/tasks/task-7-r6/redesign.json | sed -n '4913,4918p;4940,4944p;5091,5097p'
Test Suite 'LiveAttachmentE2ETests' started at 2026-06-05 19:54:28.722.
Test Case '-[ChatAppTests.LiveAttachmentE2ETests testAlreadySubscribedRecipientReceivesLiveAttachmentsAndWritesByteIdenticalDownloads]' started.
Test Case '-[ChatAppTests.LiveAttachmentE2ETests testAlreadySubscribedRecipientReceivesLiveAttachmentsAndWritesByteIdenticalDownloads]' passed (0.965 seconds).
Test Case '-[ChatAppTests.LiveAttachmentE2ETests testLiveAttachmentDMAndGroupRoundTripStoresOnlyCiphertext]' started.
Test Case '-[ChatAppTests.LiveAttachmentE2ETests testLiveAttachmentDMAndGroupRoundTripStoresOnlyCiphertext]' passed (0.156 seconds).
Test Suite 'LiveAttachmentE2ETests' passed at 2026-06-05 19:54:29.844.
Test Suite 'LiveGroupE2ETests' started at 2026-06-05 19:54:32.816.
Test Case '-[ChatAppTests.LiveGroupE2ETests testLiveCoordinatorCreatesGroupAndPeerReceivesDecryptedMessage]' started.
/Users/ngthluu/choscor/test-chat-app/mac-app/Tests/ChatAppTests/LiveGroupE2ETests.swift:46: error: -[ChatAppTests.LiveGroupE2ETests testLiveCoordinatorCreatesGroupAndPeerReceivesDecryptedMessage] : failed - Timed out waiting for coordinator message 'hello'. Messages: []
/Users/ngthluu/choscor/test-chat-app/mac-app/Tests/ChatAppTests/LiveGroupE2ETests.swift:596: error: -[ChatAppTests.LiveGroupE2ETests testLiveCoordinatorCreatesGroupAndPeerReceivesDecryptedMessage] : failed: caught error: "Coordinator did not surface message hello"
Test Case '-[ChatAppTests.LiveGroupE2ETests testLiveCoordinatorCreatesGroupAndPeerReceivesDecryptedMessage]' failed (125.285 seconds).
task-8 verify: FAIL
reason: swift build/test failed
server log:
    Finished `dev` profile [unoptimized + debuginfo] target(s) in 0.06s
     Running `target/debug/test-chat-backend --db-path /var/folders/q9/1lgsjv4n37n0gcrdmg1rfjy00000gn/T/task-8-db.XXXXXX.lKa8cXtX0P --port 51293`
/Users/ngthluu/choscor/test-chat-app/.agentloop/state/tasks/task-8/verify.sh: line 23: 68064 Terminated: 15          ( cd "${BACKEND_DIR}"; cargo run -- --db-path "${DB_PATH}" --port "${PORT}" ) > "${SERVER_LOG}" 2>&1
verify: FAIL (task-8)

## conclusion
The scoped attachment gate passed throughout the rejection transcript: both LiveAttachmentE2ETests methods passed before the root aggregator continued into sibling live suites. The aggregator red is attributable to an out-of-scope sibling node, task-8, whose rejection-time bare Swift test was narrowed by merged commit 2672f49 to LiveOfflineDeliveryE2ETests; remaining cross-task remediation belongs to task-fix-* / task-fix-cascade, not this scoped attachment gate.
